01   0000 A0            AND    B
02   0001 A1            AND    C
03   0002 A2            AND    D
04   0003 A3            AND    E
05   0004 A4            AND    H
06   0005 A5            AND    L
07   0006 A6            AND    (HL)
08   0007 A7            AND    A
09   0008 A8            XOR    B
10   0009 A9            XOR    C
11   000A AA            XOR    D
12   000B AB            XOR    E
13   000C AC            XOR    H
14   000D AD            XOR    L
15   000E AE            XOR    (HL)
16   000F AF            XOR    A
17   0010             
18   0010 B0            OR     B
19   0011 B1            OR     C
20   0012 B2            OR     D
21   0013 B3            OR     E
22   0014 B4            OR     H
23   0015 B5            OR     L
24   0016 B6            OR     (HL)
25   0017 B7            OR     A
26   0018 B8            CP     B
27   0019 B9            CP     C
28   001A BA            CP     D
29   001B BB            CP     E
30   001C BC            CP     H
31   001D BD            CP     L
32   001E BE            CP     (HL)
33   001F BF            CP     A
