001   0000 C0            RET    NZ
002   0001 C1            POP    BC
003   0002 C2 34 12      JP     NZ,0x1234
004   0005 C3 34 12      JP     0x1234
005   0008 C4 34 12      CALL   NZ,0x1234
006   000B C5            PUSH   BC
007   000C C6 12         ADD    A,0x12
008   000E C7            RST    0
009   000F C8            RET    Z
010   0010 C9            RET
011   0011 CA 34 12      JP     Z,0x1234
012   0014 CB 07         RLC    A
013   0016 CC 34 12      CALL   Z,0x1234
014   0019 CD 34 12      CALL   0x1234
015   001C CE 12         ADC    A,0x12
016   001E CF            RST    8h
017   001F             
018   001F             
019   001F             
020   001F             
021   001F CB 00         RLC    B
022   0021 CB 01         RLC    C
023   0023 CB 02         RLC    D
024   0025 CB 03         RLC    E
025   0027 CB 04         RLC    H
026   0029 CB 05         RLC    L
027   002B CB 06         RLC    (HL)
028   002D CB 07         RLC    A
029   002F CB 08         RRC    B
030   0031 CB 09         RRC    C
031   0033 CB 0A         RRC    D
032   0035 CB 0B         RRC    E
033   0037 CB 0C         RRC    H
034   0039 CB 0D         RRC    L
035   003B CB 0E         RRC    (HL)
036   003D CB 0F         RRC    A
037   003F CB 10         RL     B
038   0041 CB 11         RL     C
039   0043 CB 12         RL     D
040   0045 CB 13         RL     E
041   0047 CB 14         RL     H
042   0049 CB 15         RL     L
043   004B CB 16         RL     (HL)
044   004D CB 17         RL     A
045   004F CB 18         RR     B
046   0051 CB 19         RR     C
047   0053 CB 1A         RR     D
048   0055 CB 1B         RR     E
049   0057 CB 1C         RR     H
050   0059 CB 1D         RR     L
051   005B CB 1E         RR     (HL)
052   005D CB 1F         RR     A
053   005F CB 20         SLA    B
054   0061 CB 21         SLA    C
055   0063 CB 22         SLA    D
056   0065 CB 23         SLA    E
057   0067 CB 24         SLA    H
058   0069 CB 25         SLA    L
059   006B CB 26         SLA    (HL)
060   006D CB 27         SLA    A
061   006F CB 28         SRA    B
062   0071 CB 29         SRA    C
063   0073 CB 2A         SRA    D
064   0075 CB 2B         SRA    E
065   0077 CB 2C         SRA    H
066   0079 CB 2D         SRA    L
067   007B CB 2E         SRA    (HL)
068   007D CB 2F         SRA    A
069   007F CB 30         SLI    B
070   0081 CB 31         SLI    C
071   0083 CB 32         SLI    D
072   0085 CB 33         SLI    E
073   0087 CB 34         SLI    H
074   0089 CB 35         SLI    L
075   008B CB 36         SLI    (HL)
076   008D CB 37         SLI    A
077   008F CB 38         SRL    B
078   0091 CB 39         SRL    C
079   0093 CB 3A         SRL    D
080   0095 CB 3B         SRL    E
081   0097 CB 3C         SRL    H
082   0099 CB 3D         SRL    L
083   009B CB 3E         SRL    (HL)
084   009D CB 3F         SRL    A
085   009F CB 40         BIT    0,B
086   00A1 CB 41         BIT    0,C
087   00A3 CB 42         BIT    0,D
088   00A5 CB 43         BIT    0,E
089   00A7 CB 44         BIT    0,H
090   00A9 CB 45         BIT    0,L
091   00AB CB 46         BIT    0,(HL)
092   00AD CB 47         BIT    0,A
093   00AF CB 48         BIT    1,B
094   00B1 CB 49         BIT    1,C
095   00B3 CB 4A         BIT    1,D
096   00B5 CB 4B         BIT    1,E
097   00B7 CB 4C         BIT    1,H
098   00B9 CB 4D         BIT    1,L
099   00BB CB 4E         BIT    1,(HL)
100   00BD CB 4F         BIT    1,A
101   00BF CB 50         BIT    2,B
102   00C1 CB 51         BIT    2,C
103   00C3 CB 52         BIT    2,D
104   00C5 CB 53         BIT    2,E
105   00C7 CB 54         BIT    2,H
106   00C9 CB 55         BIT    2,L
107   00CB CB 56         BIT    2,(HL)
108   00CD CB 57         BIT    2,A
109   00CF CB 58         BIT    3,B
110   00D1 CB 59         BIT    3,C
111   00D3 CB 5A         BIT    3,D
112   00D5 CB 5B         BIT    3,E
113   00D7 CB 5C         BIT    3,H
114   00D9 CB 5D         BIT    3,L
115   00DB CB 5E         BIT    3,(HL)
116   00DD CB 5F         BIT    3,A
117   00DF CB 60         BIT    4,B
118   00E1 CB 61         BIT    4,C
119   00E3 CB 62         BIT    4,D
120   00E5 CB 63         BIT    4,E
121   00E7 CB 64         BIT    4,H
122   00E9 CB 65         BIT    4,L
123   00EB CB 66         BIT    4,(HL)
124   00ED CB 67         BIT    4,A
125   00EF CB 68         BIT    5,B
126   00F1 CB 69         BIT    5,C
127   00F3 CB 6A         BIT    5,D
128   00F5 CB 6B         BIT    5,E
129   00F7 CB 6C         BIT    5,H
130   00F9 CB 6D         BIT    5,L
131   00FB CB 6E         BIT    5,(HL)
132   00FD CB 6F         BIT    5,A
133   00FF CB 70         BIT    6,B
134   0101 CB 71         BIT    6,C
135   0103 CB 72         BIT    6,D
136   0105 CB 73         BIT    6,E
137   0107 CB 74         BIT    6,H
138   0109 CB 75         BIT    6,L
139   010B CB 76         BIT    6,(HL)
140   010D CB 77         BIT    6,A
141   010F CB 78         BIT    7,B
142   0111 CB 79         BIT    7,C
143   0113 CB 7A         BIT    7,D
144   0115 CB 7B         BIT    7,E
145   0117 CB 7C         BIT    7,H
146   0119 CB 7D         BIT    7,L
147   011B CB 7E         BIT    7,(HL)
148   011D CB 7F         BIT    7,A
149   011F CB 80         RES    0,B
150   0121 CB 81         RES    0,C
151   0123 CB 82         RES    0,D
152   0125 CB 83         RES    0,E
153   0127 CB 84         RES    0,H
154   0129 CB 85         RES    0,L
155   012B CB 86         RES    0,(HL)
156   012D CB 87         RES    0,A
157   012F CB 88         RES    1,B
158   0131 CB 89         RES    1,C
159   0133 CB 8A         RES    1,D
160   0135 CB 8B         RES    1,E
161   0137 CB 8C         RES    1,H
162   0139 CB 8D         RES    1,L
163   013B CB 8E         RES    1,(HL)
164   013D CB 8F         RES    1,A
165   013F CB 90         RES    2,B
166   0141 CB 91         RES    2,C
167   0143 CB 92         RES    2,D
168   0145 CB 93         RES    2,E
169   0147 CB 94         RES    2,H
170   0149 CB 95         RES    2,L
171   014B CB 96         RES    2,(HL)
172   014D CB 97         RES    2,A
173   014F CB 98         RES    3,B
174   0151 CB 99         RES    3,C
175   0153 CB 9A         RES    3,D
176   0155 CB 9B         RES    3,E
177   0157 CB 9C         RES    3,H
178   0159 CB 9D         RES    3,L
179   015B CB 9E         RES    3,(HL)
180   015D CB 9F         RES    3,A
181   015F CB A0         RES    4,B
182   0161 CB A1         RES    4,C
183   0163 CB A2         RES    4,D
184   0165 CB A3         RES    4,E
185   0167 CB A4         RES    4,H
186   0169 CB A5         RES    4,L
187   016B CB A6         RES    4,(HL)
188   016D CB A7         RES    4,A
189   016F CB A8         RES    5,B
190   0171 CB A9         RES    5,C
191   0173 CB AA         RES    5,D
192   0175 CB AB         RES    5,E
193   0177 CB AC         RES    5,H
194   0179 CB AD         RES    5,L
195   017B CB AE         RES    5,(HL)
196   017D CB AF         RES    5,A
197   017F CB B0         RES    6,B
198   0181 CB B1         RES    6,C
199   0183 CB B2         RES    6,D
200   0185 CB B3         RES    6,E
201   0187 CB B4         RES    6,H
202   0189 CB B5         RES    6,L
203   018B CB B6         RES    6,(HL)
204   018D CB B7         RES    6,A
205   018F CB B8         RES    7,B
206   0191 CB B9         RES    7,C
207   0193 CB BA         RES    7,D
208   0195 CB BB         RES    7,E
209   0197 CB BC         RES    7,H
210   0199 CB BD         RES    7,L
211   019B CB BE         RES    7,(HL)
212   019D CB BF         RES    7,A
213   019F CB C0         SET    0,B
214   01A1 CB C1         SET    0,C
215   01A3 CB C2         SET    0,D
216   01A5 CB C3         SET    0,E
217   01A7 CB C4         SET    0,H
218   01A9 CB C5         SET    0,L
219   01AB CB C6         SET    0,(HL)
220   01AD CB C7         SET    0,A
221   01AF CB C8         SET    1,B
222   01B1 CB C9         SET    1,C
223   01B3 CB CA         SET    1,D
224   01B5 CB CB         SET    1,E
225   01B7 CB CC         SET    1,H
226   01B9 CB CD         SET    1,L
227   01BB CB CE         SET    1,(HL)
228   01BD CB CF         SET    1,A
229   01BF CB D0         SET    2,B
230   01C1 CB D1         SET    2,C
231   01C3 CB D2         SET    2,D
232   01C5 CB D3         SET    2,E
233   01C7 CB D4         SET    2,H
234   01C9 CB D5         SET    2,L
235   01CB CB D6         SET    2,(HL)
236   01CD CB D7         SET    2,A
237   01CF CB D8         SET    3,B
238   01D1 CB D9         SET    3,C
239   01D3 CB DA         SET    3,D
240   01D5 CB DB         SET    3,E
241   01D7 CB DC         SET    3,H
242   01D9 CB DD         SET    3,L
243   01DB CB DE         SET    3,(HL)
244   01DD CB DF         SET    3,A
245   01DF CB E0         SET    4,B
246   01E1 CB E1         SET    4,C
247   01E3 CB E2         SET    4,D
248   01E5 CB E3         SET    4,E
249   01E7 CB E4         SET    4,H
250   01E9 CB E5         SET    4,L
251   01EB CB E6         SET    4,(HL)
252   01ED CB E7         SET    4,A
253   01EF CB E8         SET    5,B
254   01F1 CB E9         SET    5,C
255   01F3 CB EA         SET    5,D
256   01F5 CB EB         SET    5,E
257   01F7 CB EC         SET    5,H
258   01F9 CB ED         SET    5,L
259   01FB CB EE         SET    5,(HL)
260   01FD CB EF         SET    5,A
261   01FF CB F0         SET    6,B
262   0201 CB F1         SET    6,C
263   0203 CB F2         SET    6,D
264   0205 CB F3         SET    6,E
265   0207 CB F4         SET    6,H
266   0209 CB F5         SET    6,L
267   020B CB F6         SET    6,(HL)
268   020D CB F7         SET    6,A
269   020F CB F8         SET    7,B
270   0211 CB F9         SET    7,C
271   0213 CB FA         SET    7,D
272   0215 CB FB         SET    7,E
273   0217 CB FC         SET    7,H
274   0219 CB FD         SET    7,L
275   021B CB FE         SET    7,(HL)
276   021D CB FF         SET    7,A
