01   0000 80            ADD    A,B
02   0001 81            ADD    A,C
03   0002 82            ADD    A,D
04   0003 83            ADD    A,E
05   0004 84            ADD    A,H
06   0005 85            ADD    A,L
07   0006 86            ADD    A,(HL)
08   0007 87            ADD    A,A
09   0008 88            ADC    A,B
10   0009 89            ADC    A,C
11   000A 8A            ADC    A,D
12   000B 8B            ADC    A,E
13   000C 8C            ADC    A,H
14   000D 8D            ADC    A,L
15   000E 8E            ADC    A,(HL)
16   000F 8F            ADC    A,A
17   0010             
18   0010 90            SUB    A,B
19   0011 91            SUB    A,C
20   0012 92            SUB    A,D
21   0013 93            SUB    A,E
22   0014 94            SUB    A,H
23   0015 95            SUB    A,L
24   0016 96            SUB    A,(HL)
25   0017 97            SUB    A,A
26   0018 98            SBC    A,B
27   0019 99            SBC    A,C
28   001A 9A            SBC    A,D
29   001B 9B            SBC    A,E
30   001C 9C            SBC    A,H
31   001D 9D            SBC    A,L
32   001E 9E            SBC    A,(HL)
33   001F 9F            SBC    A,A
